passed
passed
passed
failed
passed
This will go to standard outfailed
failed

