true
true
p2 received: hi ted!
true
p1 received: oh I get it
true
done
